
> ai-studio-applet@0.1.0 build
> next build

node.exe :  ΓÜá Warning: Next.js inferred your workspace 
root, but it may not be correct.
At line:1 char:1
+ & "C:\Program Files\nodejs/node.exe" "C:\Program 
Files\nodejs/node_mo ...
+ ~~~~~~~~~~~~~~~~~~~~~~~~~~~~~~~~~~~~~~~~~~~~~~~~~~~~~~~~
~~~~~~~~~~~~~
    + CategoryInfo          : NotSpecified: ( ΓÜá Warning 
   : N...not be correct.:String) [], RemoteException
    + FullyQualifiedErrorId : NativeCommandError
 
 We detected multiple lockfiles and selected the 
directory of C:\Users\joeya\OneDrive\Desktop\production-fo
recaster-main\package-lock.json as the root directory.
 To silence this warning, set `outputFileTracingRoot` in 
your Next.js config, or consider removing one of the 
lockfiles if it's not needed.
   See https://nextjs.org/docs/app/api-reference/config/ne
xt-config-js/output#caveats for more information.
 Detected additional lockfiles: 
   * C:\Users\joeya\OneDrive\Desktop\production-forecaster
-main\production-forecaster-main\package-lock.json

   Γû▓ Next.js 15.5.12

   Creating an optimized production build ...
<w> [webpack.cache.PackFileCacheStrategy] Serializing big 
strings (117kiB) impacts deserialization performance 
(consider using Buffer instead and decode when needed)
<w> [webpack.cache.PackFileCacheStrategy] Serializing big 
strings (117kiB) impacts deserialization performance 
(consider using Buffer instead and decode when needed)
<w> [webpack.cache.PackFileCacheStrategy] Serializing big 
strings (117kiB) impacts deserialization performance 
(consider using Buffer instead and decode when needed)
<w> [webpack.cache.PackFileCacheStrategy] Serializing big 
strings (117kiB) impacts deserialization performance 
(consider using Buffer instead and decode when needed)
 Γ£ô Compiled successfully in 2.8s
   Skipping linting
   Checking validity of types ...
Failed to compile.

./app/page.tsx:44:66
Type error: Expected 0 arguments, but got 1.

[0m [90m 42 |[39m   [36mconst[39m 
[density[33m,[39m setDensity] [33m=[39m 
useState[33m<[39m[32m'xs'[39m [33m|[39m 
[32m'sm'[39m [33m|[39m 
[32m'md'[39m[33m>[39m([32m'sm'[39m)[33m;[39m
 [90m 43 |[39m   [36mconst[39m tableRef [33m=[39m us
eRef[33m<[39m[33mHTMLDivElement[39m[33m>[39m([36mnu
ll[39m)[33m;[39m
[31m[1m>[22m[39m[90m 44 |[39m   [36mconst[39m { 
toggle[33m:[39m toggleFullscreen[33m,[39m fullscreen 
} [33m=[39m useFullscreen({ element[33m:[39m 
tableRef[33m.[39mcurrent })[33m;[39m
 [90m    |[39m                                          
                        [31m[1m^[22m[39m
 [90m 45 |[39m
 [90m 46 |[39m   [36mconst[39m getPartNumberKey 
[33m=[39m (keys[33m:[39m string[]) [33m=>[39m {
 [90m 47 |[39m     [36mreturn[39m 
keys[33m.[39mfind(k [33m=>[39m k[33m.[39mtoLowerCase
()[33m.[39mreplace([35m/[^a-z0-9]/g[39m[33m,[39m 
[32m''[39m) [33m===[39m [32m'partnumber'[39m) 
[33m||[39m keys[[35m0[39m][33m;[39m[0m
Next.js build worker exited with code: 1 and signal: null
